{
    "spades produces an assembly -- SE reads": {
        "content": [
            [
                [
                    {
                        "sampleName": "SRR1066657",
                        "lane": "001",
                        "readType": "single",
                        "trimStatus": "raw"
                    },
                    "contigs.fasta:md5,ed1435f7f97817068aa8f9a6e99e5a62"
                ]
            ]
        ],
        "timestamp": "2024-01-30T15:40:00.156024894"
    }
}